Script started on Wed 02 Apr 2014 05:31:51 PM EDT
jlm54@knuth:~/214/projects/06/c++$ cat array.cpp
cat: array.cpp: No such file or directory
jlm54@knuth:~/214/projects/06/c++$ cat arrays.cpp
 /* arrays.cpp reads in a user-specified amount of values into an array, then prints them out. Driver driven. 
 *
 * Begun by: Dr. Adams, for CS 214 at Calvin College.
 * Completed by: Joshua Maguire
 * Date:4/2/14
 */
 
 #include <iostream>
 #include <string>   
 using namespace std;


/* readArray reads in an arrays contents.
 * Input: double array anArray, int size, istream
 * Output:
 **********************************/
void readArray(double anArray[], int itsSize, istream & in = cin)
{
      for (int i = 0; i < itsSize; i++) {
      	 cout << "\nenter its contents:";
         cin >> anArray[i];
      }
}
 
/* printArray prints an arrays contents.
 * Input: double array anArray, int size, ostream
 * Output: arrays contents
 **********************************/
void printArray(double anArray[], int itsSize, ostream & out = cout)
{
      for (int i = 0; i < itsSize; i++) {
         cout << anArray[i] << endl;
         }
}
      
//driver, calls both methods, inputs size of our array.
int main()
{
	cout << "\nEnter array size:";
	int theSize;
	cin >> theSize;
	double theArray[theSize];
	readArray(theArray, theSize, cin);
	printArray(theArray, theSize, cout);
}
jlm54@knuth:~/214/projects/06/c++$ g++ arrays.cpp -Wall -o
g++: error: missing filename after â€˜-oâ€™
jlm54@knuth:~/214/projects/06/c++$ g++ arrays.cpp -Wall -o arrays
jlm54@knuth:~/214/projects/06/c++$ ./arrays 

Enter array size:4

enter its contents:2

enter its contents:4

enter its contents:6

enter its contents:8
2
4
6
8
jlm54@knuth:~/214/projects/06/c++$ exit

Script done on Wed 02 Apr 2014 05:32:33 PM EDT
Script started on Tue 08 Apr 2014 10:47:04 PM EDT
jlm54@hollerith:~/214/projects/06/ada$ cat arrays.adb
-- arrays.adb reads in a user-specified amount of values into an array, then prints them out. Driver driven. 
--
-- Begun by: Dr. Adams, for CS 214 at Calvin College.
-- Completed by: Joshua Maguire
-- Date:4/8/14
------------------------------------------------------

with Ada.Text_IO; use Ada.Text_IO;             -- Put(String)
with Ada.Integer_Text_IO; use Ada.Integer_Text_IO; 
with Ada.Float_Text_IO; use Ada.Float_Text_IO;
procedure arrays is


type Vector is array (Positive range <>) of Float;-- Declare Vector type

itsSize,temp: Float;


-- readArray reads in an arrays contents.
--input: float array anArray
---------------------------------------
procedure readArray(anArray: in out Vector) is
--	myArray:Vector:=anArray;
begin
	Put("Enter array elements:");
	for i in 1..anArray'Length Loop
		Get(temp);
		anArray(i):=temp;
		--Get(anArray(i));--------???????? why doesn't this work?
		 
	end Loop;
end readArray;

procedure printArray(anArray : Vector) is 
-- printArray prints an arrays contents.
-- Input: float array anArray, int size, ostream
-- Output: arrays contents
-------------------------------
begin
	Put_Line("");	Put_Line("");
for i in 1..anArray'Length Loop
	Put(anArray(i));
	Put_Line("");
end Loop;
end printArray;


begin
   Put("Enter array size:");
   Get (itsSize);
   declare
   	theArray: Vector(1..Integer(itsSize));
   begin
   	readArray(theArray);
   	printArray(theArray);
   end;   
end arrays;
jlm54@hollerith:~/214/projects/06/ada$ gnatmake arrays.adb
gcc-4.6 -c arrays.adb
gnatbind -x arrays.ali
gnatlink arrays.ali
jlm54@hollerith:~/214/projects/06/ada$ ./arrays
Enter array size:4
Enter array elements:1
0
33
-.5


 1.00000E+00
 0.00000E+00
 3.30000E+01
-5.00000E-01
jlm54@hollerith:~/214/projects/06/ada$ exit

Script done on Tue 08 Apr 2014 10:47:38 PM EDT
 ;arrays.el reads in a user-specified amount of values into an array, then prints them out. Driver driven. 
 ;
 ; Begun by: Dr. Adams, for CS 214 at Calvin College.
 ; Completed by: Joshua Maguire
 ; Date:4/8/14
 ;;;;;;;;;;;;;;;;;;;;;;;;;;;;;;;;;;;;;;;;;;;;;;;;;;;;;;;;;;;;;;;;;;;;;;;;;
 
 
 ; readArray reads in an arrays contents.
 ; Input: double array anArray, int size, istream
 ; Output:
 ;;;;;;;;;;;;;;;;;;;;;;;;;;;;;;;;;;;;;;;;;;;;
(defun readArray (itsSize theArray)
  (if (vectorp theArray) ;if its an array
      (if (> itsSize -1) ;and if size is >= 0
	 (progn
	   (setq (aref theArray itsSize) (interactive "nEnter array contents:"))
	   (readArray (- itsSize 1) theArray);set theArray at itsSize to (user input), then call readArray at itsSize-1...didn't work?
	 )
      )  
  )
)
readArray


;; printArray prints an arrays contents.
;; Input: double array anArray, int size, ostream
;; Output: arrays contents
;;;;;;;;;;;;;;;;;;;;;;;;;;;;;;;;;;;;;;;;;;;;;;;;
(defun printArray (itsSize theArray)
  ( if ( vectorp theArray )
    (if (> itsSize theArray)
	;print array at its Size
	;call printArray at itsSize-1
    )
  )
)
printArray
  

(defun main (arraySize)
	(interactive "nEnter the array size:")
	(setq anArray(make-vector arraySize 0))
	(readArray arraySize anArray)
	(readArray arraySize  (aref anArray (- arraySize 1)))
)
main

;(readArray (- itsSize 1)  (aref theArray (- itsSize 1)))

;progn: Wrong type argument: symbolp, (aref theArray itsSize)Script started on Wed 02 Apr 2014 05:31:26 PM EDT
jlm54@knuth:~/214/projects/06/ruby$ cat array.cp[K[Krb
# array.rb arrays.cpp reads in a user-specified amount of values into an array, then prints them out. Driver driven.  # Begun by: Dr. Adams, for CS 214 at Calvin College.
# Completed by: Joshua Maguire
# Date:4/2/14
##############################################


###################################
#Read Array reads in contents of array
#input: an array and its size
##############################3
def readArray(theArray, itsSize)
	print "\nEnter arrays contents:\n"
	#theArray.each { |num| num=gets.chomp.to_i} Why doesn't this work?
	while itsSize > 0 do
		theArray.push(gets.chomp.to_i)
		itsSize=itsSize-1
	end
end
###############################
#printArray simply puts the arrays contents
##############################
def printArray (theArray)
 puts theArray
end

#main
if __FILE__ == $0
   print "\nEnter array size:"
   arraySize=gets.chomp.to_i
   anArray=Array.new(arraySize)
   readArray(anArray, arraySize)
   printArray(anArray)
end

jlm54@knuth:~/214/projects/06/ruby$ ruby array.rb

Enter array size:4

Enter arrays contents:
2
4
6
8




2
4
6
8
jlm54@knuth:~/214/projects/06/ruby$ exit

Script done on Wed 02 Apr 2014 05:31:40 PM EDT
