Script started on Fri 14 Feb 2014 09:55:06 AM EST
jlm54@turing:~/214/labs/02$ c[K./example6Example6[6Pmake./Example6example6[K./example6Example6[6Pmake./Example6example6[Kcat example6.lex
%{
#include <stdio.h>
#include "example6.tab.h"
%}
%%
[0-9]+                  yylval = atoi(yytext); return NUMBER;
heat                    return TOKHEAT;
on|off                  yylval = !strcmp(yytext,"on"); return STATE;
set                     return TOKSET;
temperature             return TOKTEMPERATURE;
humidity		return TOKHUMIDITY;
\n                      /* ignore end of line */;
[ \t]+                  /* ignore whitespace */;
%%
jlm54@turing:~/214/labs/02$ cat ea[Kxample6.yt[K
%{
#include <stdio.h>
#include <string.h>
 
void yyerror(const char *str) {
        fprintf(stderr,"error: %s\n",str);
}
 
int yywrap() {
        return 1;
} 
  
main() {
        yyparse();
} 

%}

%token NUMBER TOKHEAT STATE TOKSET TOKTEMPERATURE TOKHUMIDITY
%%


commands: /* empty */
        | commands command
        ;

command:
        heat_switch
        | temperature_set
	| humidity_set
        ;

heat_switch:
        TOKHEAT STATE
        {
                if ($2) {  /* if STATE == 1 */
                        printf("\tHeat turned on\n");
                } else {
                        printf("\tHeat turned off\n");
                }
        }
        ;

temperature_set: 
        TOKSET TOKTEMPERATURE NUMBER
        {
                printf("\tTemperature set to %d\n",$3);
        }
        ;

humidity_set:
	TOKSET TOKHUMIDITY NUMBER
	{
		printf("\tHumidity set to %d\n",$3);
	}
	;
jlm54@turing:~/214/labs/02$ flex example6.lex
jlm54@turing:~/214/labs/02$ bison -d example6.y
jlm54@turing:~/214/labs/02$ gcc lex.yy.c example6.tab.c -o example6
jlm54@turing:~/214/labs/02$ ./example6
heat on
	Heat turned on
heat off
	Heat turned off
set temperature 4
	Temperature set to 4
set humidity 4
	Humidity set to 4
exit
exit
3d3d \    sa4rs4ewr
error: syntax error
sajlm54@turing:~/214/labs/02$ exit
exit

Script done on Fri 14 Feb 2014 09:57:17 AM EST
